MPLINK 5.09, LINKER
Linker Map File - Created Wed Oct 02 09:01:43 2019

                                 Section Info
                  Section       Type    Address   Location Size(Bytes)
                ---------  ---------  ---------  ---------  ---------
                   .org_0       code   0x000000    program   0x000030
                   .cinit    romdata   0x000018    program   0x000004
.config_2007_BUILD/DEFAULT/PRODUCTION/ASSIGNM       code   0x002007    program   0x000002
.config_2008_BUILD/DEFAULT/PRODUCTION/ASSIGNM       code   0x002008    program   0x000002



                              Program Memory Usage 
                               Start         End      
                           ---------   ---------      
                            0x000000    0x000019      
                            0x002007    0x002008      
            28 out of 8455 program addresses used, program memory utilization is 0%



                              Symbols - Sorted by Name
                     Name    Address   Location    Storage File                     
                ---------  ---------  ---------  --------- ---------                
                     init   0x00000e    program     static C:\Users\jacob\Desktop\Assignment1.X\Assignment1.asm
                     loop   0x000001    program     static C:\Users\jacob\Desktop\Assignment1.X\Assignment1.asm
                     main   0x000000    program     static C:\Users\jacob\Desktop\Assignment1.X\Assignment1.asm



                              Symbols - Sorted by Address
                     Name    Address   Location    Storage File                     
                ---------  ---------  ---------  --------- ---------                
                     main   0x000000    program     static C:\Users\jacob\Desktop\Assignment1.X\Assignment1.asm
                     loop   0x000001    program     static C:\Users\jacob\Desktop\Assignment1.X\Assignment1.asm
                     init   0x00000e    program     static C:\Users\jacob\Desktop\Assignment1.X\Assignment1.asm


